// Jest Snapshot v1, https://goo.gl/fbAQLP

exports[`<Layout /> Should render correctly 1`] = `
.c13 {
  width: 1.25rem;
  height: 1.25rem;
}

.c10 {
  display: inline-block;
  border-radius: 0.25rem;
  font-weight: bold;
  -webkit-text-decoration: none;
  text-decoration: none;
  position: relative;
  color: white;
  fill: white;
}

.c10:focus-within,
.c10:focus {
  position: relative;
  outline: none !important;
}

.c10:focus-within::after,
.c10:focus::after {
  position: absolute;
  top: -0.35rem;
  right: -0.35rem;
  bottom: -0.35rem;
  left: -0.35rem;
  content: '';
  display: block;
  border: solid rgba(0,125,250,0.6) 0.2rem;
  border-radius: 0.5rem;
  pointer-events: none;
}

.c10:hover {
  color: white;
  fill: white;
}

.c12 {
  display: -webkit-inline-box;
  display: -webkit-inline-flex;
  display: -ms-inline-flexbox;
  display: inline-flex;
  width: 0.4rem;
  height: 1rem;
  margin-left: 0.55rem;
}

.c14 {
  position: absolute;
  width: 1rem;
  height: 1rem;
  margin-top: 0.12rem;
  margin-left: -0.45rem;
}

.c1 {
  margin: 0;
}

.c11 {
  margin: 0;
}

.c8 {
  display: inline-block;
  margin-bottom: 0;
  padding-bottom: 0;
  line-height: 1.5;
  margin-top: 2rem;
}

.c8:first-of-type {
  margin-top: 0.86rem;
}

.c9 {
  width: 100%;
  margin-top: 0.5rem;
}

.c6 {
  display: -webkit-box;
  display: -webkit-flex;
  display: -ms-flexbox;
  display: flex;
  padding: 2rem 1rem;
  -webkit-flex-direction: column;
  -ms-flex-direction: column;
  flex-direction: column;
  -webkit-box-pack: space-around;
  -webkit-justify-content: space-around;
  -ms-flex-pack: space-around;
  justify-content: space-around;
  border-top: solid #1e1e1e 0.15rem;
  background-color: #1e1e1e;
  background-position: center;
  background-size: cover;
  color: white;
  border-top: solid #ffed00 0.15rem;
}

.c7 {
  text-align: center;
}

.c2 {
  width: 100%;
}

.c3 {
  -webkit-flex: 1 1 auto;
  -ms-flex: 1 1 auto;
  flex: 1 1 auto;
}

.c5 {
  padding-top: 0;
  opacity: 1;
  -webkit-transition: all 0.4s ease-in-out;
  transition: all 0.4s ease-in-out;
}

.c4 {
  width: 100%;
}

.c0 {
  margin-top: 2rem;
  margin-bottom: 1rem;
  -webkit-animation: jBcSpD 0.4s;
  animation: jBcSpD 0.4s;
  padding-left: 2rem;
  padding-right: 2rem;
  text-align: center;
  width: 100%;
}

@media (prefers-color-scheme:dark) {
  .c10:focus-within::after,
  .c10:focus::after {
    border-color: rgba(0,125,250,0.6);
  }
}

@media (prefers-color-scheme:dark) {
  .c10 {
    color: white;
    fill: white;
  }

  .c10:hover {
    color: white;
    fill: white;
  }
}

@media (min-width:32.25rem) {
  .c6 {
    padding: 2rem 2rem;
  }
}

@media (prefers-color-scheme:dark) {
  .c6 {
    background-color: #050d1b;
  }
}

@media (min-width:50.25rem) {
  .c0 {
    text-align: left;
    width: unset;
  }
}

<div>
  <div
    class="c0"
  >
    <h1
      class="c1"
    >
      HYROX RELAY PLANNER
    </h1>
  </div>
  <main
    class="c2 c3"
    id="main"
  >
    <div>
      some text
    </div>
  </main>
  <div
    class="c4"
  >
    <style>
      .js .animated-content__wrapper--hidden {
  opacity: 0.01;
}
    </style>
    <div
      class="c5 animated-content__wrapper--hidden"
    >
      <footer
        class="c6"
        id="footer"
      >
        <div
          class="c7"
        >
          <span
            class="c8 c9"
          >
            Made with love by
             
            <a
              aria-label="George (opens in a new tab)"
              class="c10"
              href="https://www.georgegillams.co.uk/"
              rel="noopener noreferrer"
              target="_blank"
            >
              <span
                class="c11"
              >
                George
              </span>
              <div
                class="c12"
              >
                <svg
                  class="c13 c14"
                  height="18"
                  viewBox="0 0 24 24"
                  width="18"
                  xmlns="http://www.w3.org/2000/svg"
                >
                  <path
                    d="M12.5 11.3c.4.4 1 .4 1.4 0L19 6.2V9c0 .6.4 1 1 1s1-.4 1-1V4c0-.6-.4-1-1-1h-5c-.6 0-1 .4-1 1s.4 1 1 1h2.4l-4.9 4.9c-.4.4-.4 1 0 1.4zM19 19c0 1.1-.9 2-2 2H5c-1.1 0-2-.9-2-2V7c0-1.1.9-2 2-2h7v2H5v12h12v-7h2"
                  />
                </svg>
              </div>
            </a>
          </span>
        </div>
      </footer>
    </div>
  </div>
</div>
`;

exports[`<Layout /> Should render correctly with spread props 1`] = `
.c13 {
  width: 1.25rem;
  height: 1.25rem;
}

.c10 {
  display: inline-block;
  border-radius: 0.25rem;
  font-weight: bold;
  -webkit-text-decoration: none;
  text-decoration: none;
  position: relative;
  color: white;
  fill: white;
}

.c10:focus-within,
.c10:focus {
  position: relative;
  outline: none !important;
}

.c10:focus-within::after,
.c10:focus::after {
  position: absolute;
  top: -0.35rem;
  right: -0.35rem;
  bottom: -0.35rem;
  left: -0.35rem;
  content: '';
  display: block;
  border: solid rgba(0,125,250,0.6) 0.2rem;
  border-radius: 0.5rem;
  pointer-events: none;
}

.c10:hover {
  color: white;
  fill: white;
}

.c12 {
  display: -webkit-inline-box;
  display: -webkit-inline-flex;
  display: -ms-inline-flexbox;
  display: inline-flex;
  width: 0.4rem;
  height: 1rem;
  margin-left: 0.55rem;
}

.c14 {
  position: absolute;
  width: 1rem;
  height: 1rem;
  margin-top: 0.12rem;
  margin-left: -0.45rem;
}

.c1 {
  margin: 0;
}

.c11 {
  margin: 0;
}

.c8 {
  display: inline-block;
  margin-bottom: 0;
  padding-bottom: 0;
  line-height: 1.5;
  margin-top: 2rem;
}

.c8:first-of-type {
  margin-top: 0.86rem;
}

.c9 {
  width: 100%;
  margin-top: 0.5rem;
}

.c6 {
  display: -webkit-box;
  display: -webkit-flex;
  display: -ms-flexbox;
  display: flex;
  padding: 2rem 1rem;
  -webkit-flex-direction: column;
  -ms-flex-direction: column;
  flex-direction: column;
  -webkit-box-pack: space-around;
  -webkit-justify-content: space-around;
  -ms-flex-pack: space-around;
  justify-content: space-around;
  border-top: solid #1e1e1e 0.15rem;
  background-color: #1e1e1e;
  background-position: center;
  background-size: cover;
  color: white;
  border-top: solid #ffed00 0.15rem;
}

.c7 {
  text-align: center;
}

.c2 {
  width: 100%;
}

.c3 {
  -webkit-flex: 1 1 auto;
  -ms-flex: 1 1 auto;
  flex: 1 1 auto;
}

.c5 {
  padding-top: 0;
  opacity: 1;
  -webkit-transition: all 0.4s ease-in-out;
  transition: all 0.4s ease-in-out;
}

.c4 {
  width: 100%;
}

.c0 {
  margin-top: 2rem;
  margin-bottom: 1rem;
  -webkit-animation: jBcSpD 0.4s;
  animation: jBcSpD 0.4s;
  padding-left: 2rem;
  padding-right: 2rem;
  text-align: center;
  width: 100%;
}

@media (prefers-color-scheme:dark) {
  .c10:focus-within::after,
  .c10:focus::after {
    border-color: rgba(0,125,250,0.6);
  }
}

@media (prefers-color-scheme:dark) {
  .c10 {
    color: white;
    fill: white;
  }

  .c10:hover {
    color: white;
    fill: white;
  }
}

@media (min-width:32.25rem) {
  .c6 {
    padding: 2rem 2rem;
  }
}

@media (prefers-color-scheme:dark) {
  .c6 {
    background-color: #050d1b;
  }
}

@media (min-width:50.25rem) {
  .c0 {
    text-align: left;
    width: unset;
  }
}

<div>
  <div
    class="c0"
  >
    <h1
      class="c1"
    >
      HYROX RELAY PLANNER
    </h1>
  </div>
  <main
    class="c2 c3"
    id="main"
  >
    <div>
      some text
    </div>
  </main>
  <div
    class="c4"
  >
    <style>
      .js .animated-content__wrapper--hidden {
  opacity: 0.01;
}
    </style>
    <div
      class="c5 animated-content__wrapper--hidden"
    >
      <footer
        class="c6"
        id="footer"
      >
        <div
          class="c7"
        >
          <span
            class="c8 c9"
          >
            Made with love by
             
            <a
              aria-label="George (opens in a new tab)"
              class="c10"
              href="https://www.georgegillams.co.uk/"
              rel="noopener noreferrer"
              target="_blank"
            >
              <span
                class="c11"
              >
                George
              </span>
              <div
                class="c12"
              >
                <svg
                  class="c13 c14"
                  height="18"
                  viewBox="0 0 24 24"
                  width="18"
                  xmlns="http://www.w3.org/2000/svg"
                >
                  <path
                    d="M12.5 11.3c.4.4 1 .4 1.4 0L19 6.2V9c0 .6.4 1 1 1s1-.4 1-1V4c0-.6-.4-1-1-1h-5c-.6 0-1 .4-1 1s.4 1 1 1h2.4l-4.9 4.9c-.4.4-.4 1 0 1.4zM19 19c0 1.1-.9 2-2 2H5c-1.1 0-2-.9-2-2V7c0-1.1.9-2 2-2h7v2H5v12h12v-7h2"
                  />
                </svg>
              </div>
            </a>
          </span>
        </div>
      </footer>
    </div>
  </div>
</div>
`;
