// Jest Snapshot v1, https://goo.gl/fbAQLP

exports[`<HomePage /> should render correctly 1`] = `
.c2 {
  display: block;
  width: 100%;
  margin-right: auto;
  margin-left: auto;
  overflow: hidden;
}

.c3 {
  display: block;
  width: 100%;
  margin-right: auto;
  margin-left: auto;
  overflow: hidden;
  display: -webkit-box;
  display: -webkit-flex;
  display: -ms-flexbox;
  display: flex;
  -webkit-flex-direction: column;
  -ms-flex-direction: column;
  flex-direction: column;
  -webkit-align-items: center;
  -webkit-box-align: center;
  -ms-flex-align: center;
  align-items: center;
  text-align: center;
  max-width: 60rem;
  padding-right: 1rem;
  padding-left: 1rem;
}

.c11 {
  display: block;
  width: 100%;
  margin-right: auto;
  margin-left: auto;
  overflow: hidden;
  max-width: 60rem;
  padding-right: 1rem;
  padding-left: 1rem;
}

.c4 {
  padding-top: 0;
  opacity: 1;
  -webkit-transition: all 0.4s ease-in-out;
  transition: all 0.4s ease-in-out;
}

.c6 {
  display: inline-block;
  margin-bottom: 0;
  padding-bottom: 0;
  line-height: 1.5;
  margin-top: 2rem;
}

.c6:first-of-type {
  margin-top: 0.86rem;
}

.c8 {
  position: relative;
  min-width: 5rem;
  padding: 0.43rem 1.125rem 0.32rem 1.125rem;
  -webkit-transition: filter 0.3s;
  transition: filter 0.3s;
  border: none;
  border-radius: 0.5rem;
  font-size: 1.4rem;
  font-weight: normal;
  cursor: pointer;
  -webkit-text-decoration-color: transparent;
  text-decoration-color: transparent;
  -webkit-text-decoration-line: none;
  text-decoration-line: none;
  background-color: #0067B7;
  color: white;
  box-shadow: none;
  min-width: 7rem;
  padding: 0.455rem 1.4rem 0.345rem 1.4rem;
  font-size: 1.6rem;
  border-radius: 0.75rem;
}

.c8:focus-visible {
  outline: none !important;
}

.c8:focus-visible::after {
  position: absolute;
  top: -0.35rem;
  right: -0.35rem;
  bottom: -0.35rem;
  left: -0.35rem;
  content: '';
  display: block;
  border: solid #44aeff 0.2rem;
  border-radius: 0.5rem;
  pointer-events: none;
}

.c8:focus,
.c8:hover {
  background-color: #004F8C;
  color: white;
  box-shadow: none;
}

.c8:active {
  background-color: #003E6F;
  color: white;
}

.c8:disabled {
  background-color: #cdcdd7;
  color: #646464;
}

.c10 {
  position: relative;
  min-width: 5rem;
  padding: 0.43rem 1.125rem 0.32rem 1.125rem;
  -webkit-transition: filter 0.3s;
  transition: filter 0.3s;
  border: none;
  border-radius: 0.5rem;
  font-size: 1.4rem;
  font-weight: normal;
  cursor: pointer;
  -webkit-text-decoration-color: transparent;
  text-decoration-color: transparent;
  -webkit-text-decoration-line: none;
  text-decoration-line: none;
  background-color: transparent;
  color: #1e1e1e;
  box-shadow: none;
  min-width: unset;
  padding: 0.2rem 0.8rem;
  display: inline-block;
}

.c10:focus-visible {
  outline: none !important;
}

.c10:focus-visible::after {
  position: absolute;
  top: -0.35rem;
  right: -0.35rem;
  bottom: -0.35rem;
  left: -0.35rem;
  content: '';
  display: block;
  border: solid #44aeff 0.2rem;
  border-radius: 0.5rem;
  pointer-events: none;
}

.c10:focus,
.c10:hover {
  background-color: #f4f4f4;
  color: #1e1e1e;
  box-shadow: none;
}

.c10:active {
  background-color: #e6e6e6;
  color: #1e1e1e;
}

.c10:disabled {
  background-color: #cdcdd7;
  color: #646464;
}

.c10:focus,
.c10:active,
.c10:hover {
  -webkit-animation-duration: 0.4s;
  animation-duration: 0.4s;
  -webkit-animation-name: cMFrpC;
  animation-name: cMFrpC;
}

.c9 {
  display: -webkit-box;
  display: -webkit-flex;
  display: -ms-flexbox;
  display: flex;
  -webkit-box-pack: center;
  -webkit-justify-content: center;
  -ms-flex-pack: center;
  justify-content: center;
}

.c14 {
  margin: 0;
}

.c17 {
  margin: 0;
  font-size: 1.5rem;
  font-weight: bold;
}

.c7 {
  margin: 0;
  font-size: 1.5rem;
  font-weight: bold;
}

.c15 {
  margin: 0;
}

.c24 {
  width: 1.25rem;
  height: 1.25rem;
}

.c22 {
  display: inline-block;
  border-radius: 0.25rem;
  font-weight: bold;
  -webkit-text-decoration: none;
  text-decoration: none;
  position: relative;
  color: white;
  fill: white;
}

.c22:focus-visible {
  position: relative;
  outline: none !important;
}

.c22:focus-visible::after {
  position: absolute;
  top: -0.35rem;
  right: -0.35rem;
  bottom: -0.35rem;
  left: -0.35rem;
  content: '';
  display: block;
  border: solid #ffffff 0.2rem;
  border-radius: 0.5rem;
  pointer-events: none;
}

.c22:hover {
  color: white;
  fill: white;
}

.c23 {
  display: -webkit-inline-box;
  display: -webkit-inline-flex;
  display: -ms-inline-flexbox;
  display: inline-flex;
  width: 0.4rem;
  height: 1rem;
  margin-left: 0.55rem;
}

.c25 {
  position: absolute;
  width: 1rem;
  height: 1rem;
  margin-top: 0.12rem;
  margin-left: -0.45rem;
}

.c16 {
  width: 100%;
  color: #1e1e1e;
  -webkit-text-decoration: none;
  text-decoration: none;
}

.c18 {
  margin: 2.13rem 0 0 0;
}

.c12 {
  display: grid;
  grid-template-columns: 1fr;
  text-align: center;
  max-width: 56rem;
  margin-left: auto;
  margin-right: auto;
}

.c13 {
  background-color: #000000;
  padding: 1rem;
  display: grid;
  grid-gap: 1rem;
  grid-template-rows: auto 1fr;
}

.c5 {
  padding: 2rem;
  display: -webkit-box;
  display: -webkit-flex;
  display: -ms-flexbox;
  display: flex;
  -webkit-flex-direction: column;
  -ms-flex-direction: column;
  flex-direction: column;
}

.c21 {
  width: 100%;
  margin-top: 0.5rem;
}

.c19 {
  display: -webkit-box;
  display: -webkit-flex;
  display: -ms-flexbox;
  display: flex;
  padding: 2rem 1rem;
  -webkit-flex-direction: column;
  -ms-flex-direction: column;
  flex-direction: column;
  -webkit-box-pack: space-around;
  -webkit-justify-content: space-around;
  -ms-flex-pack: space-around;
  justify-content: space-around;
  border-top: solid #1e1e1e 0.15rem;
  background-color: #1e1e1e;
  background-position: center;
  background-size: cover;
  color: #ffffff;
  border-top: solid #ffed00 0.15rem;
}

.c20 {
  text-align: center;
}

.c0 {
  width: 100%;
}

.c1 {
  -webkit-flex: 1 1 auto;
  -ms-flex: 1 1 auto;
  flex: 1 1 auto;
}

@media (min-width:50.25rem) {
  .c3 {
    padding-right: 2rem;
    padding-left: 2rem;
  }
}

@media (min-width:50.25rem) {
  .c11 {
    padding-right: 2rem;
    padding-left: 2rem;
  }
}

@media (prefers-color-scheme:dark) {
  .c8:focus-visible::after {
    border-color: #ffffff;
  }
}

@media (prefers-color-scheme:dark) {
  .c8 {
    background-color: #025CA2;
    color: white;
    box-shadow: none;
  }
}

@media (prefers-color-scheme:dark) {
  .c8:focus,
  .c8:hover {
    background-color: #004479;
    color: white;
    box-shadow: none;
  }
}

@media (prefers-color-scheme:dark) {
  .c8:active {
    background-color: #003965;
    color: white;
  }
}

@media (prefers-color-scheme:dark) {
  .c8:disabled {
    background-color: #595959;
    color: #a9a9a9;
  }
}

@media (prefers-color-scheme:dark) {
  .c10:focus-visible::after {
    border-color: #ffffff;
  }
}

@media (prefers-color-scheme:dark) {
  .c10 {
    background-color: transparent;
    color: white;
    box-shadow: none;
  }
}

@media (prefers-color-scheme:dark) {
  .c10:focus,
  .c10:hover {
    background-color: #191a1b;
    color: white;
    box-shadow: 0px 0px 0px 1px #474747 inset;
  }
}

@media (prefers-color-scheme:dark) {
  .c10:active {
    background-color: #242526;
    color: white;
  }
}

@media (prefers-color-scheme:dark) {
  .c10:disabled {
    background-color: #595959;
    color: #a9a9a9;
  }
}

@media (prefers-color-scheme:dark) {
  .c22:focus-visible::after {
    border-color: #ffffff;
  }
}

@media (prefers-color-scheme:dark) {
  .c22 {
    color: white;
    fill: white;
  }

  .c22:hover {
    color: white;
    fill: white;
  }
}

@media (prefers-color-scheme:dark) {
  .c16 {
    color: #ffffff;
  }
}

@media (min-width:32.25rem) {
  .c12 {
    grid-template-columns: repeat(3,1fr);
    text-align: center;
  }
}

@media (min-width:50.25rem) {
  .c5 {
    padding: calc(2 * 2rem);
  }
}

@media (min-width:32.25rem) {
  .c19 {
    padding: 2rem 2rem;
  }
}

@media (prefers-color-scheme:dark) {
  .c19 {
    background-color: #050d1b;
  }
}

<div>
  <main
    class="c0 c1"
    id="main"
  >
    <div
      class="c2 page-containerstyles__StyledPageContainer-sc-19l7k4-0"
      width="fullWidth"
    >
      <div
        class="c3 page-containerstyles__StyledPageContainer-sc-19l7k4-0"
        width="default"
      >
        <div>
          <style>
            .js .animated-content__wrapper--hidden {
  padding-top: 4rem;
  opacity: 0.01;
}
          </style>
          <div
            class="c4 animated-content__wrapper--hidden"
          >
            <div
              class="c5"
            >
              <span
                class="c6"
                style="margin-bottom: 1rem;"
              >
                <span
                  class="c7"
                >
                  Get a free, personalised Hyrox Relay plan that plays to the strengths of your team.
                </span>
              </span>
              <span
                class="c6"
                style="margin-bottom: 1rem;"
              >
                <button
                  class="c8 outer"
                  type="button"
                >
                  <span
                    class="c9"
                  >
                    Create a team
                  </span>
                </button>
              </span>
              <span
                class="c6"
                style="margin-bottom: 1rem;"
              >
                <a
                  aria-label="View example plan"
                  class="c10"
                  href="/team/fd7631c1-37ad-4e84-87db-a16bc74236e5"
                >
                  <span
                    class="c9"
                  >
                    View example plan
                  </span>
                </a>
              </span>
            </div>
          </div>
        </div>
      </div>
      <div
        class="c11 page-containerstyles__StyledPageContainer-sc-19l7k4-0"
        width="default"
      >
        <div>
          <style>
            .js .animated-content__wrapper--hidden {
  padding-top: 4rem;
  opacity: 0.01;
}
          </style>
          <div
            class="c4 animated-content__wrapper--hidden"
          >
            <div
              class="c12"
            >
              <div
                class="c13"
              >
                <h1
                  class="c14"
                >
                  Step 1
                </h1>
                <span
                  class="c15"
                >
                  Choose a name for your team
                </span>
              </div>
              <div
                class="c13"
              >
                <h1
                  class="c14"
                >
                  Step 2
                </h1>
                <span
                  class="c15"
                >
                  Ask each athlete to submit their station preferences
                </span>
              </div>
              <div
                class="c13"
              >
                <h1
                  class="c14"
                >
                  Step 3
                </h1>
                <span
                  class="c15"
                >
                  Get your personalised relay plan that's optimised to get the best out of your team!
                </span>
              </div>
            </div>
          </div>
        </div>
        <div>
          <style>
            .js .animated-content__wrapper--hidden {
  padding-top: 4rem;
  opacity: 0.01;
}
          </style>
          <div
            class="c4 animated-content__wrapper--hidden"
          >
            <div
              class="c16"
              style="color: rgb(255, 255, 255);"
            >
              <h1
                class="c17 c18"
                id="about"
              >
                About
              </h1>
              <span
                class="c6"
                style="margin-bottom: 1rem;"
              >
                I created the Hyrox Relay Planner to help relay teams decide which stations they should each do.
              </span>
            </div>
          </div>
        </div>
        <div>
          <style>
            .js .animated-content__wrapper--hidden {
  padding-top: 4rem;
  opacity: 0.01;
}
          </style>
          <div
            class="c4 animated-content__wrapper--hidden"
          >
            <div
              class="c16"
              style="color: rgb(255, 255, 255);"
            >
              <h1
                class="c17 c18"
                id="how-does-the-planner-work?"
              >
                How does the planner work?
              </h1>
              <span
                class="c6"
                style="margin-bottom: 1rem;"
              >
                There's no AI magic here, just a server doing some calculations. This works by generating all 2520 possible permutations for how you could divide the 8 Hyrox stations between 4 of you. It then assesses each one according to the athlete's individual preferences as well as rest-time between stations, and decides which is best.
              </span>
            </div>
          </div>
        </div>
      </div>
      <style>
        @keyframes spin{to{transform:rotate(360deg)}}.tf-v1-popup{position:fixed;top:0;left:0;width:100%;height:100%;background:rgba(0,0,0,.75);transition:opacity .25s ease-in-out;z-index:10001;display:flex;align-items:center;justify-content:center}.tf-v1-popup .tf-v1-iframe-wrapper{position:relative;transition:opacity .25s ease-in-out;min-width:360px;min-height:360px}.tf-v1-popup .tf-v1-iframe-wrapper iframe{width:100%;height:100%;border:none;overflow:hidden;border-radius:8px}.tf-v1-popup .tf-v1-close{display:block;padding:0;margin:0;position:absolute;font-size:32px;font-weight:normal;line-height:24px;width:24px;height:24px;text-align:center;text-transform:none;cursor:pointer;opacity:.75;transition:opacity .25s ease-in-out;text-decoration:none;color:#000;top:-34px;right:0;background:none;border:none;border-radius:0}.tf-v1-popup .tf-v1-close:hover{opacity:1}@media(min-width: 481px){.tf-v1-popup .tf-v1-close{color:#fff !important}}.tf-v1-popup .tf-v1-spinner{border:3px solid #aaa;font-size:40px;width:1em;height:1em;border-radius:.5em;box-sizing:border-box;animation:spin 1s linear infinite;border-top-color:#fff;position:absolute;top:50%;left:50%;margin:-20px 0 0 -20px}@media(max-width: 480px){.tf-v1-popup{width:100% !important;height:100% !important}.tf-v1-popup .tf-v1-iframe-wrapper{position:relative;transition:opacity .25s ease-in-out;min-width:100%;min-height:100%}.tf-v1-popup .tf-v1-iframe-wrapper iframe{border-radius:0}.tf-v1-popup .tf-v1-close{display:block;padding:0;margin:0;position:absolute;font-size:32px;font-weight:normal;line-height:24px;width:24px;height:24px;text-align:center;text-transform:none;cursor:pointer;opacity:.75;transition:opacity .25s ease-in-out;text-decoration:none;color:#000;top:6px;right:8px;background:none;border:none;border-radius:0}.tf-v1-popup .tf-v1-close:hover{opacity:1}}@media(max-width: 480px)and (min-width: 481px){.tf-v1-popup .tf-v1-close{color:#fff !important}}
      </style>
      <button
        class=""
        data-testid="tf-v1-popup"
        id="tf-popup-button"
        style="opacity: 0; width: 0px; height: 0px;"
      >
        click to open form in popup
      </button>
    </div>
  </main>
  <div>
    <style>
      .js .animated-content__wrapper--hidden {
  opacity: 0.01;
}
    </style>
    <div
      class="c4 animated-content__wrapper--hidden"
    >
      <footer
        class="c19"
        id="footer"
      >
        <div
          class="c20"
        >
          <span
            class="c6 c21"
          >
            Made with love by
             
            <a
              aria-label="George (opens in a new tab)"
              class="c22"
              href="https://www.georgegillams.co.uk/"
              rel="noopener noreferrer"
              target="_blank"
            >
              <span
                class="c15"
              >
                George
              </span>
              <div
                class="c23"
              >
                <svg
                  class="c24 c25"
                  height="18"
                  viewBox="0 0 24 24"
                  width="18"
                  xmlns="http://www.w3.org/2000/svg"
                >
                  <path
                    d="M12.5 11.3c.4.4 1 .4 1.4 0L19 6.2V9c0 .6.4 1 1 1s1-.4 1-1V4c0-.6-.4-1-1-1h-5c-.6 0-1 .4-1 1s.4 1 1 1h2.4l-4.9 4.9c-.4.4-.4 1 0 1.4zM19 19c0 1.1-.9 2-2 2H5c-1.1 0-2-.9-2-2V7c0-1.1.9-2 2-2h7v2H5v12h12v-7h2"
                  />
                </svg>
              </div>
            </a>
          </span>
        </div>
      </footer>
    </div>
  </div>
</div>
`;
